// Jest Snapshot v1, https://goo.gl/fbAQLP

exports[`Adoption Center Instance Page Properly Rendered 1`] = `
<div>
  <div
    style={
      Object {
        "paddingLeft": "15vw",
        "paddingRight": "15vw",
        "paddingTop": "4vh",
      }
    }
  >
    <div
      className="card"
      style={
        Object {
          "backgroundColor": "#00008b",
          "color": "white",
          "width": "70vw",
        }
      }
    >
      <div
        className="card-body"
      >
        <div
          className="card-title h5"
          style={
            Object {
              "fontSize": "6vh",
            }
          }
        >
          Pets for Life
        </div>
        <div
          className="mb-2 text-muted card-subtitle h6"
          style={
            Object {
              "fontSize": "4vh",
            }
          }
        />
        <p
          className="card-text"
        >
          <div
            className="container"
          >
            <div
              className="row"
            >
              <div
                className="list-group list-group-flush"
                onKeyDown={[Function]}
              >
                <div
                  className="list-group-item"
                  data-rr-ui-event-key={null}
                  onClick={[Function]}
                >
                  Services Available :
                  <div>
                    <svg
                      fill="currentColor"
                      height="1em"
                      viewBox="0 0 16 16"
                      width="1em"
                      xmlns="http://www.w3.org/2000/svg"
                    >
                      <path
                        d="M8 16A8 8 0 1 0 8 0a8 8 0 0 0 0 16zm.93-9.412-1 4.705c-.07.34.029.533.304.533.194 0 .487-.07.686-.246l-.088.416c-.287.346-.92.598-1.465.598-.703 0-1.002-.422-.808-1.319l.738-3.468c.064-.293.006-.399-.287-.47l-.451-.081.082-.381 2.29-.287zM8 5.5a1 1 0 1 1 0-2 1 1 0 0 1 0 2z"
                      />
                    </svg>
                     
                    <span
                      className="badge rounded-pill bg-primary"
                    >
                      <svg
                        fill="currentColor"
                        height="1em"
                        viewBox="0 0 16 16"
                        width="1em"
                        xmlns="http://www.w3.org/2000/svg"
                      >
                        <path
                          d="M10.067.87a2.89 2.89 0 0 0-4.134 0l-.622.638-.89-.011a2.89 2.89 0 0 0-2.924 2.924l.01.89-.636.622a2.89 2.89 0 0 0 0 4.134l.637.622-.011.89a2.89 2.89 0 0 0 2.924 2.924l.89-.01.622.636a2.89 2.89 0 0 0 4.134 0l.622-.637.89.011a2.89 2.89 0 0 0 2.924-2.924l-.01-.89.636-.622a2.89 2.89 0 0 0 0-4.134l-.637-.622.011-.89a2.89 2.89 0 0 0-2.924-2.924l-.89.01-.622-.636zM8.5 6v1.5H10a.5.5 0 0 1 0 1H8.5V10a.5.5 0 0 1-1 0V8.5H6a.5.5 0 0 1 0-1h1.5V6a.5.5 0 0 1 1 0z"
                        />
                      </svg>
                       
                      Adoption
                    </span>
                    <span
                      className="badge rounded-pill bg-secondary"
                    >
                      <svg
                        fill="currentColor"
                        height="1em"
                        viewBox="0 0 16 16"
                        width="1em"
                        xmlns="http://www.w3.org/2000/svg"
                      >
                        <path
                          d="M10.067.87a2.89 2.89 0 0 0-4.134 0l-.622.638-.89-.011a2.89 2.89 0 0 0-2.924 2.924l.01.89-.636.622a2.89 2.89 0 0 0 0 4.134l.637.622-.011.89a2.89 2.89 0 0 0 2.924 2.924l.89-.01.622.636a2.89 2.89 0 0 0 4.134 0l.622-.637.89.011a2.89 2.89 0 0 0 2.924-2.924l-.01-.89.636-.622a2.89 2.89 0 0 0 0-4.134l-.637-.622.011-.89a2.89 2.89 0 0 0-2.924-2.924l-.89.01-.622-.636zM8.5 6v1.5H10a.5.5 0 0 1 0 1H8.5V10a.5.5 0 0 1-1 0V8.5H6a.5.5 0 0 1 0-1h1.5V6a.5.5 0 0 1 1 0z"
                        />
                      </svg>
                       
                      grooming
                    </span>
                    <span
                      className="badge rounded-pill bg-success"
                    >
                      <svg
                        fill="currentColor"
                        height="1em"
                        viewBox="0 0 16 16"
                        width="1em"
                        xmlns="http://www.w3.org/2000/svg"
                      >
                        <path
                          d="M10.067.87a2.89 2.89 0 0 0-4.134 0l-.622.638-.89-.011a2.89 2.89 0 0 0-2.924 2.924l.01.89-.636.622a2.89 2.89 0 0 0 0 4.134l.637.622-.011.89a2.89 2.89 0 0 0 2.924 2.924l.89-.01.622.636a2.89 2.89 0 0 0 4.134 0l.622-.637.89.011a2.89 2.89 0 0 0 2.924-2.924l-.01-.89.636-.622a2.89 2.89 0 0 0 0-4.134l-.637-.622.011-.89a2.89 2.89 0 0 0-2.924-2.924l-.89.01-.622-.636zM8.5 6v1.5H10a.5.5 0 0 1 0 1H8.5V10a.5.5 0 0 1-1 0V8.5H6a.5.5 0 0 1 0-1h1.5V6a.5.5 0 0 1 1 0z"
                        />
                      </svg>
                       
                       training
                    </span>
                  </div>
                  grooming, training
                </div>
                <div
                  className="list-group-item"
                  data-rr-ui-event-key={null}
                  onClick={[Function]}
                >
                  Address : 
                  187 Star War Way
                </div>
                <div
                  className="list-group-item"
                  data-rr-ui-event-key={null}
                  onClick={[Function]}
                >
                  City : 
                  Austin
                </div>
                <div
                  className="list-group-item"
                  data-rr-ui-event-key={null}
                  onClick={[Function]}
                >
                  State : 
                  TX
                </div>
                <div
                  className="list-group-item"
                  data-rr-ui-event-key={null}
                  onClick={[Function]}
                >
                  Zip Code : 
                  78705
                </div>
                <div
                  className="list-group-item"
                  data-rr-ui-event-key={null}
                  onClick={[Function]}
                >
                  Phone : 
                  123-456-7890
                </div>
                <div
                  className="list-group-item"
                  data-rr-ui-event-key={null}
                  onClick={[Function]}
                >
                  Email : 
                  pets4life@gmail.com
                </div>
                <div
                  className="list-group-item"
                  data-rr-ui-event-key={null}
                  onClick={[Function]}
                >
                  Website : 
                  www.pets4life.com
                </div>
              </div>
            </div>
          </div>
        </p>
        <div
          className="row"
        >
          <div
            style={
              Object {
                "height": "100vh",
                "width": "100vw",
              }
            }
          >
            <div
              style={
                Object {
                  "height": "100%",
                }
              }
            />
          </div>
        </div>
        <div
          className="row"
          style={
            Object {
              "paddingTop": "2vh",
            }
          }
        >
          <div
            className="col"
          >
            <h5>
              See breeds this center carries
            </h5>
            <button
              className="btn btn-link"
              disabled={false}
              onClick={[Function]}
              style={
                Object {
                  "color": "#add8e6",
                  "textDecoration": "none",
                }
              }
              type="button"
            >
              <h5 />
            </button>
          </div>
          <div
            className="col"
          >
            <h5>
              Pets available at this center
            </h5>
            <button
              className="btn btn-link"
              disabled={false}
              onClick={[Function]}
              style={
                Object {
                  "color": "#add8e6",
                  "textDecoration": "none",
                }
              }
              type="button"
            >
              <h5>
                Take a look at 
                Jack
              </h5>
            </button>
            <button
              className="btn btn-link"
              disabled={false}
              onClick={[Function]}
              style={
                Object {
                  "color": "#add8e6",
                  "textDecoration": "none",
                }
              }
              type="button"
            >
              <h5>
                Take a look at 
                John
              </h5>
            </button>
          </div>
        </div>
      </div>
    </div>
  </div>
</div>
`;

exports[`Adoption Center Instance Page Properly Rendered With Image 1`] = `
<div>
  <div
    style={
      Object {
        "paddingLeft": "15vw",
        "paddingRight": "15vw",
        "paddingTop": "4vh",
      }
    }
  >
    <div
      className="card"
      style={
        Object {
          "backgroundColor": "#00008b",
          "color": "white",
          "width": "70vw",
        }
      }
    >
      <div
        className="card-body"
      >
        <div
          className="card-title h5"
          style={
            Object {
              "fontSize": "6vh",
            }
          }
        >
          Pets for Life
        </div>
        <div
          className="mb-2 text-muted card-subtitle h6"
          style={
            Object {
              "fontSize": "4vh",
            }
          }
        />
        <p
          className="card-text"
        >
          <div
            className="container"
          >
            <div
              className="row"
            >
              <div
                className="list-group list-group-flush"
                onKeyDown={[Function]}
              >
                <div
                  className="list-group-item"
                  data-rr-ui-event-key={null}
                  onClick={[Function]}
                >
                  Services Available :
                  <div>
                    <svg
                      fill="currentColor"
                      height="1em"
                      viewBox="0 0 16 16"
                      width="1em"
                      xmlns="http://www.w3.org/2000/svg"
                    >
                      <path
                        d="M8 16A8 8 0 1 0 8 0a8 8 0 0 0 0 16zm.93-9.412-1 4.705c-.07.34.029.533.304.533.194 0 .487-.07.686-.246l-.088.416c-.287.346-.92.598-1.465.598-.703 0-1.002-.422-.808-1.319l.738-3.468c.064-.293.006-.399-.287-.47l-.451-.081.082-.381 2.29-.287zM8 5.5a1 1 0 1 1 0-2 1 1 0 0 1 0 2z"
                      />
                    </svg>
                     
                    <span
                      className="badge rounded-pill bg-primary"
                    >
                      <svg
                        fill="currentColor"
                        height="1em"
                        viewBox="0 0 16 16"
                        width="1em"
                        xmlns="http://www.w3.org/2000/svg"
                      >
                        <path
                          d="M10.067.87a2.89 2.89 0 0 0-4.134 0l-.622.638-.89-.011a2.89 2.89 0 0 0-2.924 2.924l.01.89-.636.622a2.89 2.89 0 0 0 0 4.134l.637.622-.011.89a2.89 2.89 0 0 0 2.924 2.924l.89-.01.622.636a2.89 2.89 0 0 0 4.134 0l.622-.637.89.011a2.89 2.89 0 0 0 2.924-2.924l-.01-.89.636-.622a2.89 2.89 0 0 0 0-4.134l-.637-.622.011-.89a2.89 2.89 0 0 0-2.924-2.924l-.89.01-.622-.636zM8.5 6v1.5H10a.5.5 0 0 1 0 1H8.5V10a.5.5 0 0 1-1 0V8.5H6a.5.5 0 0 1 0-1h1.5V6a.5.5 0 0 1 1 0z"
                        />
                      </svg>
                       
                      Adoption
                    </span>
                    <span
                      className="badge rounded-pill bg-secondary"
                    >
                      <svg
                        fill="currentColor"
                        height="1em"
                        viewBox="0 0 16 16"
                        width="1em"
                        xmlns="http://www.w3.org/2000/svg"
                      >
                        <path
                          d="M10.067.87a2.89 2.89 0 0 0-4.134 0l-.622.638-.89-.011a2.89 2.89 0 0 0-2.924 2.924l.01.89-.636.622a2.89 2.89 0 0 0 0 4.134l.637.622-.011.89a2.89 2.89 0 0 0 2.924 2.924l.89-.01.622.636a2.89 2.89 0 0 0 4.134 0l.622-.637.89.011a2.89 2.89 0 0 0 2.924-2.924l-.01-.89.636-.622a2.89 2.89 0 0 0 0-4.134l-.637-.622.011-.89a2.89 2.89 0 0 0-2.924-2.924l-.89.01-.622-.636zM8.5 6v1.5H10a.5.5 0 0 1 0 1H8.5V10a.5.5 0 0 1-1 0V8.5H6a.5.5 0 0 1 0-1h1.5V6a.5.5 0 0 1 1 0z"
                        />
                      </svg>
                       
                      grooming
                    </span>
                    <span
                      className="badge rounded-pill bg-success"
                    >
                      <svg
                        fill="currentColor"
                        height="1em"
                        viewBox="0 0 16 16"
                        width="1em"
                        xmlns="http://www.w3.org/2000/svg"
                      >
                        <path
                          d="M10.067.87a2.89 2.89 0 0 0-4.134 0l-.622.638-.89-.011a2.89 2.89 0 0 0-2.924 2.924l.01.89-.636.622a2.89 2.89 0 0 0 0 4.134l.637.622-.011.89a2.89 2.89 0 0 0 2.924 2.924l.89-.01.622.636a2.89 2.89 0 0 0 4.134 0l.622-.637.89.011a2.89 2.89 0 0 0 2.924-2.924l-.01-.89.636-.622a2.89 2.89 0 0 0 0-4.134l-.637-.622.011-.89a2.89 2.89 0 0 0-2.924-2.924l-.89.01-.622-.636zM8.5 6v1.5H10a.5.5 0 0 1 0 1H8.5V10a.5.5 0 0 1-1 0V8.5H6a.5.5 0 0 1 0-1h1.5V6a.5.5 0 0 1 1 0z"
                        />
                      </svg>
                       
                       training
                    </span>
                  </div>
                  grooming, training
                </div>
                <div
                  className="list-group-item"
                  data-rr-ui-event-key={null}
                  onClick={[Function]}
                >
                  Address : 
                  187 Star War Way
                </div>
                <div
                  className="list-group-item"
                  data-rr-ui-event-key={null}
                  onClick={[Function]}
                >
                  City : 
                  Austin
                </div>
                <div
                  className="list-group-item"
                  data-rr-ui-event-key={null}
                  onClick={[Function]}
                >
                  State : 
                  TX
                </div>
                <div
                  className="list-group-item"
                  data-rr-ui-event-key={null}
                  onClick={[Function]}
                >
                  Zip Code : 
                  78705
                </div>
                <div
                  className="list-group-item"
                  data-rr-ui-event-key={null}
                  onClick={[Function]}
                >
                  Phone : 
                  123-456-7890
                </div>
                <div
                  className="list-group-item"
                  data-rr-ui-event-key={null}
                  onClick={[Function]}
                >
                  Email : 
                  pets4life@gmail.com
                </div>
                <div
                  className="list-group-item"
                  data-rr-ui-event-key={null}
                  onClick={[Function]}
                >
                  Website : 
                  www.pets4life.com
                </div>
              </div>
            </div>
          </div>
        </p>
        <div
          className="row"
        >
          <div
            style={
              Object {
                "height": "100vh",
                "width": "100vw",
              }
            }
          >
            <div
              style={
                Object {
                  "height": "100%",
                }
              }
            />
          </div>
        </div>
        <div
          className="row"
          style={
            Object {
              "paddingTop": "2vh",
            }
          }
        >
          <div
            className="col"
          >
            <h5>
              See breeds this center carries
            </h5>
            <button
              className="btn btn-link"
              disabled={false}
              onClick={[Function]}
              style={
                Object {
                  "color": "#add8e6",
                  "textDecoration": "none",
                }
              }
              type="button"
            >
              <h5 />
            </button>
          </div>
          <div
            className="col"
          >
            <h5>
              Pets available at this center
            </h5>
            <button
              className="btn btn-link"
              disabled={false}
              onClick={[Function]}
              style={
                Object {
                  "color": "#add8e6",
                  "textDecoration": "none",
                }
              }
              type="button"
            >
              <h5>
                Take a look at 
                Jack
              </h5>
            </button>
            <button
              className="btn btn-link"
              disabled={false}
              onClick={[Function]}
              style={
                Object {
                  "color": "#add8e6",
                  "textDecoration": "none",
                }
              }
              type="button"
            >
              <h5>
                Take a look at 
                John
              </h5>
            </button>
          </div>
        </div>
      </div>
    </div>
  </div>
</div>
`;
