// Jest Snapshot v1, https://goo.gl/fbAQLP

exports[`Species Instance Page Properly Rendered 1`] = `
<div>
  <div
    style={
      Object {
        "paddingLeft": "15vw",
        "paddingRight": "15vw",
        "paddingTop": "4vh",
      }
    }
  >
    <div
      className="card"
      style={
        Object {
          "width": "70vw",
        }
      }
    >
      <div
        className="card-body"
      >
        <div
          className="card-title h5"
          style={
            Object {
              "fontSize": "6vh",
            }
          }
        >
          German Sheperd
        </div>
        <div
          className="mb-2 text-muted card-subtitle h6"
          style={
            Object {
              "fontSize": "4vh",
            }
          }
        >
          Dog
        </div>
        <p
          className="card-text"
        >
          <div
            className="container"
          >
            <div
              className="row"
            >
              <div
                className="list-group list-group-flush"
                onKeyDown={[Function]}
              >
                <div
                  className="list-group-item"
                  data-rr-ui-event-key={null}
                  onClick={[Function]}
                >
                  Height : 
                  
                </div>
                <div
                  className="list-group-item"
                  data-rr-ui-event-key={null}
                  onClick={[Function]}
                >
                  Weight : 
                  10 - 15
                </div>
                <div
                  className="list-group-item"
                  data-rr-ui-event-key={null}
                  onClick={[Function]}
                >
                  Colors : 
                  White, black, blue, red, cream and silver, plus various patterns and shadings
                </div>
                <div
                  className="list-group-item"
                  data-rr-ui-event-key={null}
                  onClick={[Function]}
                >
                  Energy : 
                  High
                </div>
                <div
                  className="list-group-item"
                  data-rr-ui-event-key={null}
                  onClick={[Function]}
                >
                  Lifespan : 
                  10 - 15
                </div>
                <div
                  className="list-group-item"
                  data-rr-ui-event-key={null}
                  onClick={[Function]}
                >
                  Intelligence : 
                </div>
                <div
                  className="list-group-item"
                  data-rr-ui-event-key={null}
                  onClick={[Function]}
                >
                  Child Friendly : 
                </div>
              </div>
            </div>
            <div
              className="row"
              style={
                Object {
                  "paddingTop": "2vh",
                }
              }
            >
              <h4>
                Description
              </h4>
              <p>
                
              </p>
            </div>
            <div
              className="row"
              style={
                Object {
                  "paddingTop": "2vh",
                }
              }
            >
              <h4>
                Temperament
              </h4>
              <p>
                Angry
              </p>
            </div>
            <div
              className="row"
              style={
                Object {
                  "paddingTop": "2vh",
                }
              }
            >
              <h4>
                Shedding
              </h4>
              <p>
                2
              </p>
            </div>
            <div
              className="row"
              style={
                Object {
                  "paddingTop": "2vh",
                }
              }
            >
              <h4>
                Potential Health Issues
              </h4>
              <p>
                2
              </p>
            </div>
          </div>
        </p>
        <div
          className="row"
        >
          <h4>
            Country of Origin: 
            Germany
          </h4>
          <div
            style={
              Object {
                "paddingLeft": "27.5vw",
              }
            }
          >
            <button
              className="btn btn-primary"
              disabled={false}
              onClick={[Function]}
              type="button"
            >
              Click to see Origin Country
            </button>
          </div>
          <div
            style={
              Object {
                "height": "100vh",
                "width": "100vw",
              }
            }
          >
            <div
              style={
                Object {
                  "height": "100%",
                }
              }
            />
          </div>
        </div>
        <div
          className="row"
        >
          <div
            style={
              Object {
                "paddingTop": "4vh",
              }
            }
          >
            <div
              style={
                Object {
                  "paddingLeft": "17.5vw",
                }
              }
            >
              <h4>
                Click to see some videos of the 
                German Sheperd
                !
              </h4>
            </div>
            <div>
              <div
                style={
                  Object {
                    "paddingBottom": "2vh",
                    "paddingLeft": "27.5vw",
                  }
                }
              >
                <button
                  className="btn btn-danger"
                  disabled={false}
                  onClick={[Function]}
                  style={
                    Object {
                      "width": "10vw",
                    }
                  }
                  type="button"
                >
                  <svg
                    fill="currentColor"
                    height="1em"
                    viewBox="0 0 16 16"
                    width="1em"
                    xmlns="http://www.w3.org/2000/svg"
                  >
                    <path
                      d="M0 12V4a2 2 0 0 1 2-2h12a2 2 0 0 1 2 2v8a2 2 0 0 1-2 2H2a2 2 0 0 1-2-2zm6.79-6.907A.5.5 0 0 0 6 5.5v5a.5.5 0 0 0 .79.407l3.5-2.5a.5.5 0 0 0 0-.814l-3.5-2.5z"
                    />
                  </svg>
                </button>
              </div>
            </div>
          </div>
        </div>
        <div
          className="row"
          style={
            Object {
              "paddingTop": "2vh",
            }
          }
        >
          <div
            className="col"
          >
            <div>
              <h4>
                See some adoptable pets
              </h4>
              <button
                className="btn btn-link"
                disabled={false}
                onClick={[Function]}
                style={
                  Object {
                    "textDecoration": "none",
                  }
                }
                type="button"
              >
                <h5>
                  Take a look at 
                  Jack
                </h5>
              </button>
              <button
                className="btn btn-link"
                disabled={false}
                onClick={[Function]}
                style={
                  Object {
                    "textDecoration": "none",
                  }
                }
                type="button"
              >
                <h5>
                  Take a look at 
                  John
                </h5>
              </button>
            </div>
          </div>
          <div
            className="col"
          >
            <div>
              <h4>
                Adoption Centers that carry this breed
              </h4>
              <button
                className="btn btn-link"
                disabled={false}
                onClick={[Function]}
                style={
                  Object {
                    "textDecoration": "none",
                  }
                }
                type="button"
              >
                <h5>
                  Cat Rescue of Maryland, Inc.
                </h5>
              </button>
            </div>
          </div>
        </div>
      </div>
    </div>
  </div>
</div>
`;
