// Jest Snapshot v1, https://goo.gl/fbAQLP

exports[`Youtube video properly rendered 1`] = `
<div>
  <button
    className="btn btn-primary"
    disabled={false}
    onClick={[Function]}
    type="button"
  >
    Youtube
  </button>
</div>
`;
